// Jest Snapshot v1, https://jestjs.io/docs/snapshot-testing

exports[`<Main /> should render the heading 1`] = `
.emotion-0 {
  background-color: #06092b;
  color: #fff;
  width: 100%;
  height: 100%;
  padding: 3rem;
  text-align: center;
  display: -webkit-box;
  display: -webkit-flex;
  display: -ms-flexbox;
  display: flex;
  -webkit-flex-direction: column;
  -ms-flex-direction: column;
  flex-direction: column;
  -webkit-align-items: center;
  -webkit-box-align: center;
  -ms-flex-align: center;
  align-items: center;
  -webkit-box-pack: center;
  -ms-flex-pack: center;
  -webkit-justify-content: center;
  justify-content: center;
}

.emotion-2 {
  width: 25rem;
  margin-bottom: 2rem;
}

.emotion-4 {
  font-size: 2.5rem;
}

.emotion-6 {
  font-size: 2rem;
  font-weight: 400;
}

.emotion-8 {
  margin-top: 3rem;
  width: min(30rem,100%);
}

<main
  class="emotion-0 emotion-1"
>
  <img
    alt="Desenho de um átomo e React Avançado escrito ao lado"
    class="emotion-2 emotion-3"
    src="/img/logo.svg"
  />
  <h1
    class="emotion-4 emotion-5"
  >
    React Avançado
  </h1>
  <h2
    class="emotion-6 emotion-7"
  >
    TypeScript, ReactJS, NextJS, e Styled Components
  </h2>
  <img
    alt="Desenho de um programador de frente para uma tela com código"
    class="emotion-8 emotion-9"
    src="/img/hero-illustration.svg"
  />
</main>
`;
